[0m16:30:12.079639 [debug] [MainThread]: Sending event: {'category': 'dbt', 'action': 'invocation', 'label': 'start', 'context': [<snowplow_tracker.self_describing_json.SelfDescribingJson object at 0x7f506b0967b0>, <snowplow_tracker.self_describing_json.SelfDescribingJson object at 0x7f5069e1fd90>, <snowplow_tracker.self_describing_json.SelfDescribingJson object at 0x7f5069e1f9d0>]}


============================== 16:30:12.083967 | ac9333a0-b409-495b-8bcf-a8b5b4690b87 ==============================
[0m16:30:12.083967 [info ] [MainThread]: Running with dbt=1.11.11
[0m16:30:12.084805 [debug] [MainThread]: running dbt with arguments {'partial_parse': 'True', 'indirect_selection': 'eager', 'no_print': 'None', 'printer_width': '80', 'log_path': '/home/user/dbt_project/logs', 'warn_error_options': 'WarnErrorOptionsV2(error=[], warn=[], silence=[])', 'empty': 'False', 'use_experimental_parser': 'False', 'version_check': 'True', 'introspect': 'True', 'warn_error': 'None', 'send_anonymous_usage_stats': 'True', 'profiles_dir': '.', 'invocation_command': 'dbt run --profiles-dir .', 'log_cache_events': 'False', 'quiet': 'False', 'fail_fast': 'False', 'log_format': 'default', 'target_path': 'None', 'use_colors': 'True', 'static_parser': 'True', 'cache_selected_only': 'False', 'debug': 'False', 'write_json': 'True'}
[0m16:30:12.420017 [debug] [MainThread]: Sending event: {'category': 'dbt', 'action': 'project_id', 'label': 'ac9333a0-b409-495b-8bcf-a8b5b4690b87', 'context': [<snowplow_tracker.self_describing_json.SelfDescribingJson object at 0x7f506ac96fd0>]}
[0m16:30:12.518284 [debug] [MainThread]: Sending event: {'category': 'dbt', 'action': 'adapter_info', 'label': 'ac9333a0-b409-495b-8bcf-a8b5b4690b87', 'context': [<snowplow_tracker.self_describing_json.SelfDescribingJson object at 0x7f506a03b460>]}
[0m16:30:12.521224 [info ] [MainThread]: Registered adapter: duckdb=1.10.1
[0m16:30:12.585851 [debug] [MainThread]: checksum: 30a8cc8fdcbf66701b0944d4ccce3fa46dd04b61e5df68b9f16d57b2e0e3f0be, vars: {}, profile: , target: , version: 1.11.11
[0m16:30:12.587527 [info ] [MainThread]: Unable to do partial parsing because saved manifest not found. Starting full parse.
[0m16:30:12.589329 [debug] [MainThread]: Sending event: {'category': 'dbt', 'action': 'partial_parser', 'label': 'ac9333a0-b409-495b-8bcf-a8b5b4690b87', 'context': [<snowplow_tracker.self_describing_json.SelfDescribingJson object at 0x7f5069edf350>]}
[0m16:30:14.138251 [warn ] [MainThread]: [[33mWARNING[0m][MissingArgumentsPropertyInGenericTestDeprecation]: Deprecated
functionality
Found top-level arguments to test `accepted_values` defined on
'fct_flights_emissions' in package 'aero_emissions_dbt' (models/schema.yml).
Arguments to generic tests should be nested under the `arguments` property.
[0m16:30:14.138906 [debug] [MainThread]: Sending event: {'category': 'dbt', 'action': 'deprecation', 'label': 'ac9333a0-b409-495b-8bcf-a8b5b4690b87', 'property_': 'warn', 'context': [<snowplow_tracker.self_describing_json.SelfDescribingJson object at 0x7f5064dd49b0>]}
[0m16:30:14.260273 [debug] [MainThread]: Sending event: {'category': 'dbt', 'action': 'load_project', 'label': 'ac9333a0-b409-495b-8bcf-a8b5b4690b87', 'context': [<snowplow_tracker.self_describing_json.SelfDescribingJson object at 0x7f5064954c90>]}
[0m16:30:14.369019 [debug] [MainThread]: Wrote artifact WritableManifest to /home/user/dbt_project/target/manifest.json
[0m16:30:14.372442 [debug] [MainThread]: Wrote artifact SemanticManifest to /home/user/dbt_project/target/semantic_manifest.json
[0m16:30:14.391116 [debug] [MainThread]: Sending event: {'category': 'dbt', 'action': 'resource_counts', 'label': 'ac9333a0-b409-495b-8bcf-a8b5b4690b87', 'context': [<snowplow_tracker.self_describing_json.SelfDescribingJson object at 0x7f5064dc4ae0>]}
[0m16:30:14.391736 [info ] [MainThread]: Found 3 models, 6 data tests, 485 macros
[0m16:30:14.392097 [debug] [MainThread]: Sending event: {'category': 'dbt', 'action': 'runnable_timing', 'label': 'ac9333a0-b409-495b-8bcf-a8b5b4690b87', 'context': [<snowplow_tracker.self_describing_json.SelfDescribingJson object at 0x7f50647d2690>]}
[0m16:30:14.395088 [info ] [MainThread]: 
[0m16:30:14.395531 [info ] [MainThread]: Concurrency: 4 threads (target='dev')
[0m16:30:14.395792 [info ] [MainThread]: 
[0m16:30:14.396247 [debug] [MainThread]: Acquiring new duckdb connection 'master'
[0m16:30:14.406739 [debug] [ThreadPool]: Acquiring new duckdb connection 'list_lakehouse'
[0m16:30:14.472494 [debug] [ThreadPool]: Using duckdb connection "list_lakehouse"
[0m16:30:14.473310 [debug] [ThreadPool]: On list_lakehouse: /* {"app": "dbt", "dbt_version": "1.11.11", "profile_name": "aero_emissions_profile", "target_name": "dev", "connection_name": "list_lakehouse"} */

    
    select schema_name
    from system.information_schema.schemata
    
    where lower(catalog_name) = '"lakehouse"'
    
  
  
[0m16:30:14.474652 [debug] [ThreadPool]: Opening a new connection, currently in state init
[0m16:30:14.500035 [debug] [ThreadPool]: SQL status: OK in 0.025 seconds
[0m16:30:14.503415 [debug] [ThreadPool]: On list_lakehouse: Close
[0m16:30:14.505208 [debug] [ThreadPool]: Re-using an available connection from the pool (formerly list_lakehouse, now create_lakehouse_main)
[0m16:30:14.506729 [debug] [ThreadPool]: Creating schema "database: "lakehouse"
schema: "main"
"
[0m16:30:14.520019 [debug] [ThreadPool]: Using duckdb connection "create_lakehouse_main"
[0m16:30:14.520783 [debug] [ThreadPool]: On create_lakehouse_main: /* {"app": "dbt", "dbt_version": "1.11.11", "profile_name": "aero_emissions_profile", "target_name": "dev", "connection_name": "create_lakehouse_main"} */

    
        select type from duckdb_databases()
        where lower(database_name)='lakehouse'
        and type='sqlite'
    
  
[0m16:30:14.521663 [debug] [ThreadPool]: Opening a new connection, currently in state closed
[0m16:30:14.524743 [debug] [ThreadPool]: SQL status: OK in 0.003 seconds
[0m16:30:14.527945 [debug] [ThreadPool]: Using duckdb connection "create_lakehouse_main"
[0m16:30:14.528526 [debug] [ThreadPool]: On create_lakehouse_main: BEGIN
[0m16:30:14.530225 [debug] [ThreadPool]: SQL status: OK in 0.001 seconds
[0m16:30:14.530950 [debug] [ThreadPool]: Using duckdb connection "create_lakehouse_main"
[0m16:30:14.531512 [debug] [ThreadPool]: On create_lakehouse_main: /* {"app": "dbt", "dbt_version": "1.11.11", "profile_name": "aero_emissions_profile", "target_name": "dev", "connection_name": "create_lakehouse_main"} */

    
    
        create schema if not exists "lakehouse"."main"
    
[0m16:30:14.533117 [debug] [ThreadPool]: SQL status: OK in 0.001 seconds
[0m16:30:14.535619 [debug] [ThreadPool]: On create_lakehouse_main: COMMIT
[0m16:30:14.536370 [debug] [ThreadPool]: Using duckdb connection "create_lakehouse_main"
[0m16:30:14.537907 [debug] [ThreadPool]: On create_lakehouse_main: COMMIT
[0m16:30:14.539236 [debug] [ThreadPool]: SQL status: OK in 0.001 seconds
[0m16:30:14.540047 [debug] [ThreadPool]: On create_lakehouse_main: Close
[0m16:30:14.543947 [debug] [ThreadPool]: Re-using an available connection from the pool (formerly create_lakehouse_main, now list_lakehouse_main)
[0m16:30:14.556241 [debug] [ThreadPool]: Using duckdb connection "list_lakehouse_main"
[0m16:30:14.557008 [debug] [ThreadPool]: On list_lakehouse_main: BEGIN
[0m16:30:14.557404 [debug] [ThreadPool]: Opening a new connection, currently in state closed
[0m16:30:14.559623 [debug] [ThreadPool]: SQL status: OK in 0.002 seconds
[0m16:30:14.560045 [debug] [ThreadPool]: Using duckdb connection "list_lakehouse_main"
[0m16:30:14.560913 [debug] [ThreadPool]: On list_lakehouse_main: /* {"app": "dbt", "dbt_version": "1.11.11", "profile_name": "aero_emissions_profile", "target_name": "dev", "connection_name": "list_lakehouse_main"} */
select
      'lakehouse' as database,
      table_name as name,
      table_schema as schema,
      CASE table_type
        WHEN 'BASE TABLE' THEN 'table'
        WHEN 'VIEW' THEN 'view'
        WHEN 'LOCAL TEMPORARY' THEN 'table'
        END as type
    from system.information_schema.tables
    where lower(table_schema) = 'main'
    and lower(table_catalog) = 'lakehouse'
  
[0m16:30:14.567997 [debug] [ThreadPool]: SQL status: OK in 0.006 seconds
[0m16:30:14.571348 [debug] [ThreadPool]: On list_lakehouse_main: ROLLBACK
[0m16:30:14.573709 [debug] [ThreadPool]: Failed to rollback 'list_lakehouse_main'
[0m16:30:14.574248 [debug] [ThreadPool]: On list_lakehouse_main: Close
[0m16:30:14.576668 [debug] [MainThread]: Sending event: {'category': 'dbt', 'action': 'runnable_timing', 'label': 'ac9333a0-b409-495b-8bcf-a8b5b4690b87', 'context': [<snowplow_tracker.self_describing_json.SelfDescribingJson object at 0x7f5064259e90>]}
[0m16:30:14.577779 [debug] [MainThread]: Using duckdb connection "master"
[0m16:30:14.578336 [debug] [MainThread]: On master: BEGIN
[0m16:30:14.579025 [debug] [MainThread]: Opening a new connection, currently in state init
[0m16:30:14.581382 [debug] [MainThread]: SQL status: OK in 0.002 seconds
[0m16:30:14.582606 [debug] [MainThread]: On master: COMMIT
[0m16:30:14.583181 [debug] [MainThread]: Using duckdb connection "master"
[0m16:30:14.584191 [debug] [MainThread]: On master: COMMIT
[0m16:30:14.586385 [debug] [MainThread]: SQL status: OK in 0.001 seconds
[0m16:30:14.586913 [debug] [MainThread]: On master: Close
[0m16:30:14.596370 [debug] [Thread-1 (]: Began running node model.aero_emissions_dbt.stg_flights
[0m16:30:14.598398 [info ] [Thread-1 (]: 1 of 3 START sql view model main.stg_flights ................................... [RUN]
[0m16:30:14.599273 [debug] [Thread-1 (]: Re-using an available connection from the pool (formerly list_lakehouse_main, now model.aero_emissions_dbt.stg_flights)
[0m16:30:14.600144 [debug] [Thread-1 (]: Began compiling node model.aero_emissions_dbt.stg_flights
[0m16:30:14.610895 [debug] [Thread-1 (]: Writing injected SQL for node "model.aero_emissions_dbt.stg_flights"
[0m16:30:14.614089 [debug] [Thread-1 (]: Began executing node model.aero_emissions_dbt.stg_flights
[0m16:30:14.650148 [debug] [Thread-1 (]: Writing runtime sql for node "model.aero_emissions_dbt.stg_flights"
[0m16:30:14.651113 [debug] [Thread-1 (]: Using duckdb connection "model.aero_emissions_dbt.stg_flights"
[0m16:30:14.651470 [debug] [Thread-1 (]: On model.aero_emissions_dbt.stg_flights: BEGIN
[0m16:30:14.651770 [debug] [Thread-1 (]: Opening a new connection, currently in state closed
[0m16:30:14.652894 [debug] [Thread-1 (]: SQL status: OK in 0.001 seconds
[0m16:30:14.653193 [debug] [Thread-1 (]: Using duckdb connection "model.aero_emissions_dbt.stg_flights"
[0m16:30:14.653504 [debug] [Thread-1 (]: On model.aero_emissions_dbt.stg_flights: /* {"app": "dbt", "dbt_version": "1.11.11", "profile_name": "aero_emissions_profile", "target_name": "dev", "node_id": "model.aero_emissions_dbt.stg_flights"} */

  
  create view "lakehouse"."main"."stg_flights__dbt_tmp" as (
    WITH raw_data AS (
    SELECT * FROM main.silver_flights
),

renamed_and_cleaned AS (
    SELECT
        UPPER(TRIM(icao24)) AS aircraft_icao24,
        UPPER(TRIM(callsign)) AS flight_callsign,
        TRIM(origin_country) AS country_of_origin,
        epoch_ms(time_position * 1000) AS position_timestamp,
        epoch_ms(last_contact * 1000) AS last_contact_timestamp,
        longitude,
        latitude,
        baro_altitude AS altitude_meters,
        altitude_meters * 3.28084 AS altitude_feet,
        on_ground AS is_on_ground,
        velocity AS velocity_mps,
        velocity_mps * 1.94384 AS velocity_knots,
        true_track,
        vertical_rate AS vertical_rate_mps,
        vertical_rate_mps * 196.85 AS vertical_rate_fpm, -- convert to feet per minute
        CAST(snapshot_time AS TIMESTAMP) AS snapshot_timestamp,
        aircraft_category,
        base_fuel_burn_kg_s,
        adjusted_fuel_burn_kg_s,
        co2_emissions_kg_s,
        hourly_co2_tonnes,
        ingested_at AS ingestion_timestamp
    FROM raw_data
),

deduplicated AS (
    -- Deduplicate observations of the same flight in the exact same snapshot
    SELECT 
        *,
        ROW_NUMBER() OVER (
            PARTITION BY aircraft_icao24, snapshot_timestamp 
            ORDER BY last_contact_timestamp DESC
        ) AS row_num
    FROM renamed_and_cleaned
)

SELECT 
    aircraft_icao24,
    flight_callsign,
    country_of_origin,
    position_timestamp,
    last_contact_timestamp,
    longitude,
    latitude,
    altitude_meters,
    altitude_feet,
    is_on_ground,
    velocity_mps,
    velocity_knots,
    true_track,
    vertical_rate_mps,
    vertical_rate_fpm,
    snapshot_timestamp,
    aircraft_category,
    base_fuel_burn_kg_s,
    adjusted_fuel_burn_kg_s,
    co2_emissions_kg_s,
    hourly_co2_tonnes,
    ingestion_timestamp
FROM deduplicated
WHERE row_num = 1
  );

[0m16:30:14.655796 [debug] [Thread-1 (]: SQL status: OK in 0.002 seconds
[0m16:30:14.668223 [debug] [Thread-1 (]: Using duckdb connection "model.aero_emissions_dbt.stg_flights"
[0m16:30:14.668778 [debug] [Thread-1 (]: On model.aero_emissions_dbt.stg_flights: /* {"app": "dbt", "dbt_version": "1.11.11", "profile_name": "aero_emissions_profile", "target_name": "dev", "node_id": "model.aero_emissions_dbt.stg_flights"} */
alter view "lakehouse"."main"."stg_flights__dbt_tmp" rename to "stg_flights"
[0m16:30:14.670157 [debug] [Thread-1 (]: SQL status: OK in 0.001 seconds
[0m16:30:14.685021 [debug] [Thread-1 (]: On model.aero_emissions_dbt.stg_flights: COMMIT
[0m16:30:14.685638 [debug] [Thread-1 (]: Using duckdb connection "model.aero_emissions_dbt.stg_flights"
[0m16:30:14.685963 [debug] [Thread-1 (]: On model.aero_emissions_dbt.stg_flights: COMMIT
[0m16:30:14.690812 [debug] [Thread-1 (]: SQL status: OK in 0.004 seconds
[0m16:30:14.697467 [debug] [Thread-1 (]: Using duckdb connection "model.aero_emissions_dbt.stg_flights"
[0m16:30:14.698089 [debug] [Thread-1 (]: On model.aero_emissions_dbt.stg_flights: /* {"app": "dbt", "dbt_version": "1.11.11", "profile_name": "aero_emissions_profile", "target_name": "dev", "node_id": "model.aero_emissions_dbt.stg_flights"} */

      drop view if exists "lakehouse"."main"."stg_flights__dbt_backup" cascade
    
[0m16:30:14.699091 [debug] [Thread-1 (]: SQL status: OK in 0.001 seconds
[0m16:30:14.701949 [debug] [Thread-1 (]: On model.aero_emissions_dbt.stg_flights: Close
[0m16:30:14.703855 [debug] [Thread-1 (]: Sending event: {'category': 'dbt', 'action': 'run_model', 'label': 'ac9333a0-b409-495b-8bcf-a8b5b4690b87', 'context': [<snowplow_tracker.self_describing_json.SelfDescribingJson object at 0x7f506ac53110>]}
[0m16:30:14.704600 [info ] [Thread-1 (]: 1 of 3 OK created sql view model main.stg_flights .............................. [[32mOK[0m in 0.10s]
[0m16:30:14.705163 [debug] [Thread-1 (]: Finished running node model.aero_emissions_dbt.stg_flights
[0m16:30:14.706304 [debug] [Thread-3 (]: Began running node model.aero_emissions_dbt.fct_flights_emissions
[0m16:30:14.707636 [info ] [Thread-3 (]: 3 of 3 START sql table model main.fct_flights_emissions ........................ [RUN]
[0m16:30:14.708948 [debug] [Thread-3 (]: Acquiring new duckdb connection 'model.aero_emissions_dbt.fct_flights_emissions'
[0m16:30:14.710110 [debug] [Thread-2 (]: Began running node model.aero_emissions_dbt.dim_aircraft_types
[0m16:30:14.710791 [debug] [Thread-3 (]: Began compiling node model.aero_emissions_dbt.fct_flights_emissions
[0m16:30:14.715869 [debug] [Thread-3 (]: Writing injected SQL for node "model.aero_emissions_dbt.fct_flights_emissions"
[0m16:30:14.711919 [info ] [Thread-2 (]: 2 of 3 START sql table model main.dim_aircraft_types ........................... [RUN]
[0m16:30:14.716673 [debug] [Thread-2 (]: Acquiring new duckdb connection 'model.aero_emissions_dbt.dim_aircraft_types'
[0m16:30:14.717031 [debug] [Thread-2 (]: Began compiling node model.aero_emissions_dbt.dim_aircraft_types
[0m16:30:14.720736 [debug] [Thread-2 (]: Writing injected SQL for node "model.aero_emissions_dbt.dim_aircraft_types"
[0m16:30:14.721599 [debug] [Thread-2 (]: Began executing node model.aero_emissions_dbt.dim_aircraft_types
[0m16:30:14.753381 [debug] [Thread-3 (]: Began executing node model.aero_emissions_dbt.fct_flights_emissions
[0m16:30:14.763027 [debug] [Thread-3 (]: Writing runtime sql for node "model.aero_emissions_dbt.fct_flights_emissions"
[0m16:30:14.759189 [debug] [Thread-2 (]: Writing runtime sql for node "model.aero_emissions_dbt.dim_aircraft_types"
[0m16:30:14.765086 [debug] [Thread-3 (]: Using duckdb connection "model.aero_emissions_dbt.fct_flights_emissions"
[0m16:30:14.767122 [debug] [Thread-3 (]: On model.aero_emissions_dbt.fct_flights_emissions: BEGIN
[0m16:30:14.766227 [debug] [Thread-2 (]: Using duckdb connection "model.aero_emissions_dbt.dim_aircraft_types"
[0m16:30:14.767839 [debug] [Thread-3 (]: Opening a new connection, currently in state init
[0m16:30:14.769039 [debug] [Thread-2 (]: On model.aero_emissions_dbt.dim_aircraft_types: BEGIN
[0m16:30:14.770937 [debug] [Thread-2 (]: Opening a new connection, currently in state init
[0m16:30:14.772885 [debug] [Thread-3 (]: SQL status: OK in 0.005 seconds
[0m16:30:14.773715 [debug] [Thread-2 (]: SQL status: OK in 0.002 seconds
[0m16:30:14.774862 [debug] [Thread-2 (]: Using duckdb connection "model.aero_emissions_dbt.dim_aircraft_types"
[0m16:30:14.775340 [debug] [Thread-2 (]: On model.aero_emissions_dbt.dim_aircraft_types: /* {"app": "dbt", "dbt_version": "1.11.11", "profile_name": "aero_emissions_profile", "target_name": "dev", "node_id": "model.aero_emissions_dbt.dim_aircraft_types"} */

  
    
    

    create  table
      "lakehouse"."main"."dim_aircraft_types__dbt_tmp"
  
    as (
      WITH flights_staging AS (
    SELECT * FROM "lakehouse"."main"."stg_flights"
)

SELECT
    aircraft_category,
    COUNT(DISTINCT aircraft_icao24) AS unique_aircraft_count,
    COUNT(DISTINCT flight_callsign) AS unique_flights_count,
    ROUND(AVG(altitude_feet), 2) AS average_altitude_feet,
    ROUND(AVG(velocity_knots), 2) AS average_velocity_knots,
    ROUND(AVG(adjusted_fuel_burn_kg_s), 4) AS average_fuel_burn_kg_s,
    ROUND(AVG(co2_emissions_kg_s), 4) AS average_co2_kg_s,
    ROUND(SUM(co2_emissions_kg_s * 10) / 1000.0, 4) AS estimated_snapshot_co2_tonnes -- Assuming a 10-second sampling window per state
FROM flights_staging
GROUP BY 1
ORDER BY unique_aircraft_count DESC
    );
  
  
[0m16:30:14.774262 [debug] [Thread-3 (]: Using duckdb connection "model.aero_emissions_dbt.fct_flights_emissions"
[0m16:30:14.780961 [debug] [Thread-3 (]: On model.aero_emissions_dbt.fct_flights_emissions: /* {"app": "dbt", "dbt_version": "1.11.11", "profile_name": "aero_emissions_profile", "target_name": "dev", "node_id": "model.aero_emissions_dbt.fct_flights_emissions"} */

  
    
    

    create  table
      "lakehouse"."main"."fct_flights_emissions__dbt_tmp"
  
    as (
      WITH flights_staging AS (
    SELECT * FROM "lakehouse"."main"."stg_flights"
)

SELECT
    snapshot_timestamp,
    aircraft_icao24,
    flight_callsign,
    country_of_origin,
    altitude_feet,
    velocity_knots,
    is_on_ground,
    aircraft_category,
    adjusted_fuel_burn_kg_s,
    co2_emissions_kg_s,
    hourly_co2_tonnes,
    -- Label flight phase based on vertical rate in feet-per-minute
    CASE
        WHEN is_on_ground THEN 'On Ground'
        WHEN vertical_rate_fpm > 300 THEN 'Climbing'
        WHEN vertical_rate_fpm < -300 THEN 'Descending'
        ELSE 'Cruising'
    END AS flight_phase,
    longitude,
    latitude
FROM flights_staging
    );
  
  
[0m16:30:14.793503 [debug] [Thread-2 (]: SQL status: OK in 0.018 seconds
[0m16:30:14.800900 [debug] [Thread-2 (]: Using duckdb connection "model.aero_emissions_dbt.dim_aircraft_types"
[0m16:30:14.801304 [debug] [Thread-2 (]: On model.aero_emissions_dbt.dim_aircraft_types: /* {"app": "dbt", "dbt_version": "1.11.11", "profile_name": "aero_emissions_profile", "target_name": "dev", "node_id": "model.aero_emissions_dbt.dim_aircraft_types"} */
alter table "lakehouse"."main"."dim_aircraft_types__dbt_tmp" rename to "dim_aircraft_types"
[0m16:30:14.802417 [debug] [Thread-2 (]: SQL status: OK in 0.001 seconds
[0m16:30:14.803114 [debug] [Thread-3 (]: SQL status: OK in 0.021 seconds
[0m16:30:14.809062 [debug] [Thread-2 (]: On model.aero_emissions_dbt.dim_aircraft_types: COMMIT
[0m16:30:14.813041 [debug] [Thread-3 (]: Using duckdb connection "model.aero_emissions_dbt.fct_flights_emissions"
[0m16:30:14.813984 [debug] [Thread-2 (]: Using duckdb connection "model.aero_emissions_dbt.dim_aircraft_types"
[0m16:30:14.814760 [debug] [Thread-3 (]: On model.aero_emissions_dbt.fct_flights_emissions: /* {"app": "dbt", "dbt_version": "1.11.11", "profile_name": "aero_emissions_profile", "target_name": "dev", "node_id": "model.aero_emissions_dbt.fct_flights_emissions"} */
alter table "lakehouse"."main"."fct_flights_emissions__dbt_tmp" rename to "fct_flights_emissions"
[0m16:30:14.815494 [debug] [Thread-2 (]: On model.aero_emissions_dbt.dim_aircraft_types: COMMIT
[0m16:30:14.817413 [debug] [Thread-3 (]: SQL status: OK in 0.001 seconds
[0m16:30:14.820492 [debug] [Thread-3 (]: On model.aero_emissions_dbt.fct_flights_emissions: COMMIT
[0m16:30:14.821434 [debug] [Thread-2 (]: SQL status: OK in 0.004 seconds
[0m16:30:14.822116 [debug] [Thread-3 (]: Using duckdb connection "model.aero_emissions_dbt.fct_flights_emissions"
[0m16:30:14.827895 [debug] [Thread-2 (]: Using duckdb connection "model.aero_emissions_dbt.dim_aircraft_types"
[0m16:30:14.829285 [debug] [Thread-3 (]: On model.aero_emissions_dbt.fct_flights_emissions: COMMIT
[0m16:30:14.830272 [debug] [Thread-2 (]: On model.aero_emissions_dbt.dim_aircraft_types: /* {"app": "dbt", "dbt_version": "1.11.11", "profile_name": "aero_emissions_profile", "target_name": "dev", "node_id": "model.aero_emissions_dbt.dim_aircraft_types"} */

      drop table if exists "lakehouse"."main"."dim_aircraft_types__dbt_backup" cascade
    
[0m16:30:14.832589 [debug] [Thread-2 (]: SQL status: OK in 0.001 seconds
[0m16:30:14.839289 [debug] [Thread-2 (]: On model.aero_emissions_dbt.dim_aircraft_types: Close
[0m16:30:14.840081 [debug] [Thread-2 (]: Sending event: {'category': 'dbt', 'action': 'run_model', 'label': 'ac9333a0-b409-495b-8bcf-a8b5b4690b87', 'context': [<snowplow_tracker.self_describing_json.SelfDescribingJson object at 0x7f5057689350>]}
[0m16:30:14.840799 [info ] [Thread-2 (]: 2 of 3 OK created sql table model main.dim_aircraft_types ...................... [[32mOK[0m in 0.12s]
[0m16:30:14.841900 [debug] [Thread-2 (]: Finished running node model.aero_emissions_dbt.dim_aircraft_types
[0m16:30:14.842926 [debug] [Thread-3 (]: SQL status: OK in 0.012 seconds
[0m16:30:14.848131 [debug] [Thread-3 (]: Using duckdb connection "model.aero_emissions_dbt.fct_flights_emissions"
[0m16:30:14.849084 [debug] [Thread-3 (]: On model.aero_emissions_dbt.fct_flights_emissions: /* {"app": "dbt", "dbt_version": "1.11.11", "profile_name": "aero_emissions_profile", "target_name": "dev", "node_id": "model.aero_emissions_dbt.fct_flights_emissions"} */

      drop table if exists "lakehouse"."main"."fct_flights_emissions__dbt_backup" cascade
    
[0m16:30:14.851239 [debug] [Thread-3 (]: SQL status: OK in 0.001 seconds
[0m16:30:14.853225 [debug] [Thread-3 (]: On model.aero_emissions_dbt.fct_flights_emissions: Close
[0m16:30:14.854209 [debug] [Thread-3 (]: Sending event: {'category': 'dbt', 'action': 'run_model', 'label': 'ac9333a0-b409-495b-8bcf-a8b5b4690b87', 'context': [<snowplow_tracker.self_describing_json.SelfDescribingJson object at 0x7f50647de040>]}
[0m16:30:14.855374 [info ] [Thread-3 (]: 3 of 3 OK created sql table model main.fct_flights_emissions ................... [[32mOK[0m in 0.15s]
[0m16:30:14.856298 [debug] [Thread-3 (]: Finished running node model.aero_emissions_dbt.fct_flights_emissions
[0m16:30:14.858444 [debug] [MainThread]: Using duckdb connection "master"
[0m16:30:14.858851 [debug] [MainThread]: On master: BEGIN
[0m16:30:14.859079 [debug] [MainThread]: Opening a new connection, currently in state closed
[0m16:30:14.860355 [debug] [MainThread]: SQL status: OK in 0.001 seconds
[0m16:30:14.860715 [debug] [MainThread]: On master: COMMIT
[0m16:30:14.860953 [debug] [MainThread]: Using duckdb connection "master"
[0m16:30:14.861176 [debug] [MainThread]: On master: COMMIT
[0m16:30:14.861834 [debug] [MainThread]: SQL status: OK in 0.000 seconds
[0m16:30:14.862116 [debug] [MainThread]: On master: Close
[0m16:30:14.862527 [debug] [MainThread]: Connection 'master' was properly closed.
[0m16:30:14.862868 [debug] [MainThread]: Connection 'model.aero_emissions_dbt.stg_flights' was properly closed.
[0m16:30:14.863052 [debug] [MainThread]: Connection 'model.aero_emissions_dbt.fct_flights_emissions' was properly closed.
[0m16:30:14.863262 [debug] [MainThread]: Connection 'model.aero_emissions_dbt.dim_aircraft_types' was properly closed.
[0m16:30:14.863676 [info ] [MainThread]: 
[0m16:30:14.863972 [info ] [MainThread]: Finished running 2 table models, 1 view model in 0 hours 0 minutes and 0.47 seconds (0.47s).
[0m16:30:14.864983 [debug] [MainThread]: Command end result
[0m16:30:14.897777 [debug] [MainThread]: Wrote artifact WritableManifest to /home/user/dbt_project/target/manifest.json
[0m16:30:14.900311 [debug] [MainThread]: Wrote artifact SemanticManifest to /home/user/dbt_project/target/semantic_manifest.json
[0m16:30:14.909789 [debug] [MainThread]: Wrote artifact RunExecutionResult to /home/user/dbt_project/target/run_results.json
[0m16:30:14.910340 [info ] [MainThread]: 
[0m16:30:14.910728 [info ] [MainThread]: [32mCompleted successfully[0m
[0m16:30:14.910997 [info ] [MainThread]: 
[0m16:30:14.911259 [info ] [MainThread]: Done. PASS=3 WARN=0 ERROR=0 SKIP=0 NO-OP=0 TOTAL=3
[0m16:30:14.911755 [warn ] [MainThread]: [[33mWARNING[0m][DeprecationsSummary]: Deprecated functionality
Summary of encountered deprecations:
- MissingArgumentsPropertyInGenericTestDeprecation: 1 occurrence
To see all deprecation instances instead of just the first occurrence of each,
run command again with the `--show-all-deprecations` flag. You may also need to
run with `--no-partial-parse` as some deprecations are only encountered during
parsing.
[0m16:30:14.912786 [debug] [MainThread]: Resource report: {"command_name": "run", "command_success": true, "command_wall_clock_time": 2.9205618, "process_in_blocks": "13808", "process_kernel_time": 0.27462, "process_mem_max_rss": "205200", "process_out_blocks": "4000", "process_user_time": 5.847172}
[0m16:30:14.913244 [debug] [MainThread]: Command `dbt run` succeeded at 16:30:14.913151 after 2.92 seconds
[0m16:30:14.913701 [debug] [MainThread]: Sending event: {'category': 'dbt', 'action': 'invocation', 'label': 'end', 'context': [<snowplow_tracker.self_describing_json.SelfDescribingJson object at 0x7f50650d0590>, <snowplow_tracker.self_describing_json.SelfDescribingJson object at 0x7f506acc9250>, <snowplow_tracker.self_describing_json.SelfDescribingJson object at 0x7f503774bc50>]}
[0m16:30:14.914069 [debug] [MainThread]: Flushing usage events
[0m16:30:15.245742 [debug] [MainThread]: An error was encountered while trying to flush usage events
[0m16:30:20.591811 [debug] [MainThread]: Sending event: {'category': 'dbt', 'action': 'invocation', 'label': 'start', 'context': [<snowplow_tracker.self_describing_json.SelfDescribingJson object at 0x7fa20ec4a7b0>, <snowplow_tracker.self_describing_json.SelfDescribingJson object at 0x7fa20d9ebd90>, <snowplow_tracker.self_describing_json.SelfDescribingJson object at 0x7fa20d9eb9d0>]}


============================== 16:30:20.596104 | 42b38dc0-e367-4c2f-944c-bda5096d92ef ==============================
[0m16:30:20.596104 [info ] [MainThread]: Running with dbt=1.11.11
[0m16:30:20.596695 [debug] [MainThread]: running dbt with arguments {'write_json': 'True', 'introspect': 'True', 'log_path': '/home/user/dbt_project/logs', 'empty': 'None', 'warn_error': 'None', 'no_print': 'None', 'indirect_selection': 'eager', 'fail_fast': 'False', 'target_path': 'None', 'warn_error_options': 'WarnErrorOptionsV2(error=[], warn=[], silence=[])', 'profiles_dir': '.', 'cache_selected_only': 'False', 'version_check': 'True', 'quiet': 'False', 'use_experimental_parser': 'False', 'log_cache_events': 'False', 'use_colors': 'True', 'printer_width': '80', 'partial_parse': 'True', 'invocation_command': 'dbt test --profiles-dir .', 'log_format': 'default', 'debug': 'False', 'send_anonymous_usage_stats': 'True', 'static_parser': 'True'}
[0m16:30:20.909367 [debug] [MainThread]: Sending event: {'category': 'dbt', 'action': 'project_id', 'label': '42b38dc0-e367-4c2f-944c-bda5096d92ef', 'context': [<snowplow_tracker.self_describing_json.SelfDescribingJson object at 0x7fa20e86aea0>]}
[0m16:30:21.060195 [debug] [MainThread]: Sending event: {'category': 'dbt', 'action': 'adapter_info', 'label': '42b38dc0-e367-4c2f-944c-bda5096d92ef', 'context': [<snowplow_tracker.self_describing_json.SelfDescribingJson object at 0x7fa20dc03130>]}
[0m16:30:21.063270 [info ] [MainThread]: Registered adapter: duckdb=1.10.1
[0m16:30:21.123187 [debug] [MainThread]: checksum: 30a8cc8fdcbf66701b0944d4ccce3fa46dd04b61e5df68b9f16d57b2e0e3f0be, vars: {}, profile: , target: , version: 1.11.11
[0m16:30:21.299378 [debug] [MainThread]: Partial parsing enabled: 0 files deleted, 0 files added, 0 files changed.
[0m16:30:21.300015 [debug] [MainThread]: Nothing changed, skipping partial parsing.
[0m16:30:21.300334 [debug] [MainThread]: Partial parsing enabled, no changes found, skipping parsing
[0m16:30:21.379752 [debug] [MainThread]: Sending event: {'category': 'dbt', 'action': 'load_project', 'label': '42b38dc0-e367-4c2f-944c-bda5096d92ef', 'context': [<snowplow_tracker.self_describing_json.SelfDescribingJson object at 0x7fa208aee250>]}
[0m16:30:21.530192 [debug] [MainThread]: Wrote artifact WritableManifest to /home/user/dbt_project/target/manifest.json
[0m16:30:21.533402 [debug] [MainThread]: Wrote artifact SemanticManifest to /home/user/dbt_project/target/semantic_manifest.json
[0m16:30:21.559118 [debug] [MainThread]: Sending event: {'category': 'dbt', 'action': 'resource_counts', 'label': '42b38dc0-e367-4c2f-944c-bda5096d92ef', 'context': [<snowplow_tracker.self_describing_json.SelfDescribingJson object at 0x7fa208406990>]}
[0m16:30:21.559754 [info ] [MainThread]: Found 3 models, 6 data tests, 485 macros
[0m16:30:21.560066 [debug] [MainThread]: Sending event: {'category': 'dbt', 'action': 'runnable_timing', 'label': '42b38dc0-e367-4c2f-944c-bda5096d92ef', 'context': [<snowplow_tracker.self_describing_json.SelfDescribingJson object at 0x7fa208401550>]}
[0m16:30:21.562536 [info ] [MainThread]: 
[0m16:30:21.562963 [info ] [MainThread]: Concurrency: 4 threads (target='dev')
[0m16:30:21.563176 [info ] [MainThread]: 
[0m16:30:21.563676 [debug] [MainThread]: Acquiring new duckdb connection 'master'
[0m16:30:21.569281 [debug] [ThreadPool]: Acquiring new duckdb connection 'list_lakehouse_main'
[0m16:30:21.608995 [debug] [ThreadPool]: Using duckdb connection "list_lakehouse_main"
[0m16:30:21.609516 [debug] [ThreadPool]: On list_lakehouse_main: BEGIN
[0m16:30:21.610066 [debug] [ThreadPool]: Opening a new connection, currently in state init
[0m16:30:21.624811 [debug] [ThreadPool]: SQL status: OK in 0.015 seconds
[0m16:30:21.625365 [debug] [ThreadPool]: Using duckdb connection "list_lakehouse_main"
[0m16:30:21.625755 [debug] [ThreadPool]: On list_lakehouse_main: /* {"app": "dbt", "dbt_version": "1.11.11", "profile_name": "aero_emissions_profile", "target_name": "dev", "connection_name": "list_lakehouse_main"} */
select
      'lakehouse' as database,
      table_name as name,
      table_schema as schema,
      CASE table_type
        WHEN 'BASE TABLE' THEN 'table'
        WHEN 'VIEW' THEN 'view'
        WHEN 'LOCAL TEMPORARY' THEN 'table'
        END as type
    from system.information_schema.tables
    where lower(table_schema) = 'main'
    and lower(table_catalog) = 'lakehouse'
  
[0m16:30:21.631980 [debug] [ThreadPool]: SQL status: OK in 0.006 seconds
[0m16:30:21.634748 [debug] [ThreadPool]: On list_lakehouse_main: ROLLBACK
[0m16:30:21.636134 [debug] [ThreadPool]: Failed to rollback 'list_lakehouse_main'
[0m16:30:21.636652 [debug] [ThreadPool]: On list_lakehouse_main: Close
[0m16:30:21.638553 [debug] [MainThread]: Sending event: {'category': 'dbt', 'action': 'runnable_timing', 'label': '42b38dc0-e367-4c2f-944c-bda5096d92ef', 'context': [<snowplow_tracker.self_describing_json.SelfDescribingJson object at 0x7fa2084d7c70>]}
[0m16:30:21.639130 [debug] [MainThread]: Using duckdb connection "master"
[0m16:30:21.639742 [debug] [MainThread]: On master: BEGIN
[0m16:30:21.640394 [debug] [MainThread]: Opening a new connection, currently in state init
[0m16:30:21.642036 [debug] [MainThread]: SQL status: OK in 0.002 seconds
[0m16:30:21.642389 [debug] [MainThread]: On master: COMMIT
[0m16:30:21.643226 [debug] [MainThread]: Using duckdb connection "master"
[0m16:30:21.643758 [debug] [MainThread]: On master: COMMIT
[0m16:30:21.645122 [debug] [MainThread]: SQL status: OK in 0.001 seconds
[0m16:30:21.645438 [debug] [MainThread]: On master: Close
[0m16:30:21.649658 [debug] [Thread-3 (]: Began running node test.aero_emissions_dbt.not_null_fct_flights_emissions_aircraft_icao24.1bef9fe2f6
[0m16:30:21.650236 [debug] [Thread-1 (]: Began running node test.aero_emissions_dbt.accepted_values_fct_flights_emissions_flight_phase__Climbing__Cruising__Descending__On_Ground.7e645bda1b
[0m16:30:21.652542 [info ] [Thread-1 (]: 1 of 6 START test accepted_values_fct_flights_emissions_flight_phase__Climbing__Cruising__Descending__On_Ground  [RUN]
[0m16:30:21.653036 [debug] [Thread-1 (]: Re-using an available connection from the pool (formerly list_lakehouse_main, now test.aero_emissions_dbt.accepted_values_fct_flights_emissions_flight_phase__Climbing__Cruising__Descending__On_Ground.7e645bda1b)
[0m16:30:21.653438 [debug] [Thread-1 (]: Began compiling node test.aero_emissions_dbt.accepted_values_fct_flights_emissions_flight_phase__Climbing__Cruising__Descending__On_Ground.7e645bda1b
[0m16:30:21.650728 [debug] [Thread-4 (]: Began running node test.aero_emissions_dbt.not_null_stg_flights_aircraft_icao24.fb74bde3c4
[0m16:30:21.652023 [debug] [Thread-2 (]: Began running node test.aero_emissions_dbt.not_null_dim_aircraft_types_aircraft_category.739940d58c
[0m16:30:21.681175 [info ] [Thread-2 (]: 2 of 6 START test not_null_dim_aircraft_types_aircraft_category ................ [RUN]
[0m16:30:21.681844 [debug] [Thread-2 (]: Acquiring new duckdb connection 'test.aero_emissions_dbt.not_null_dim_aircraft_types_aircraft_category.739940d58c'
[0m16:30:21.682185 [debug] [Thread-2 (]: Began compiling node test.aero_emissions_dbt.not_null_dim_aircraft_types_aircraft_category.739940d58c
[0m16:30:21.651390 [info ] [Thread-3 (]: 3 of 6 START test not_null_fct_flights_emissions_aircraft_icao24 ............... [RUN]
[0m16:30:21.680330 [debug] [Thread-1 (]: Writing injected SQL for node "test.aero_emissions_dbt.accepted_values_fct_flights_emissions_flight_phase__Climbing__Cruising__Descending__On_Ground.7e645bda1b"
[0m16:30:21.676116 [info ] [Thread-4 (]: 4 of 6 START test not_null_stg_flights_aircraft_icao24 ......................... [RUN]
[0m16:30:21.694250 [debug] [Thread-4 (]: Acquiring new duckdb connection 'test.aero_emissions_dbt.not_null_stg_flights_aircraft_icao24.fb74bde3c4'
[0m16:30:21.694673 [debug] [Thread-4 (]: Began compiling node test.aero_emissions_dbt.not_null_stg_flights_aircraft_icao24.fb74bde3c4
[0m16:30:21.692249 [debug] [Thread-2 (]: Writing injected SQL for node "test.aero_emissions_dbt.not_null_dim_aircraft_types_aircraft_category.739940d58c"
[0m16:30:21.693257 [debug] [Thread-3 (]: Acquiring new duckdb connection 'test.aero_emissions_dbt.not_null_fct_flights_emissions_aircraft_icao24.1bef9fe2f6'
[0m16:30:21.699967 [debug] [Thread-3 (]: Began compiling node test.aero_emissions_dbt.not_null_fct_flights_emissions_aircraft_icao24.1bef9fe2f6
[0m16:30:21.699148 [debug] [Thread-4 (]: Writing injected SQL for node "test.aero_emissions_dbt.not_null_stg_flights_aircraft_icao24.fb74bde3c4"
[0m16:30:21.884843 [debug] [Thread-3 (]: Writing injected SQL for node "test.aero_emissions_dbt.not_null_fct_flights_emissions_aircraft_icao24.1bef9fe2f6"
[0m16:30:21.887325 [debug] [Thread-3 (]: Began executing node test.aero_emissions_dbt.not_null_fct_flights_emissions_aircraft_icao24.1bef9fe2f6
[0m16:30:21.885759 [debug] [Thread-1 (]: Began executing node test.aero_emissions_dbt.accepted_values_fct_flights_emissions_flight_phase__Climbing__Cruising__Descending__On_Ground.7e645bda1b
[0m16:30:21.886189 [debug] [Thread-2 (]: Began executing node test.aero_emissions_dbt.not_null_dim_aircraft_types_aircraft_category.739940d58c
[0m16:30:21.908829 [debug] [Thread-4 (]: Began executing node test.aero_emissions_dbt.not_null_stg_flights_aircraft_icao24.fb74bde3c4
[0m16:30:21.946436 [debug] [Thread-2 (]: Writing runtime sql for node "test.aero_emissions_dbt.not_null_dim_aircraft_types_aircraft_category.739940d58c"
[0m16:30:21.962658 [debug] [Thread-2 (]: Using duckdb connection "test.aero_emissions_dbt.not_null_dim_aircraft_types_aircraft_category.739940d58c"
[0m16:30:21.952996 [debug] [Thread-4 (]: Writing runtime sql for node "test.aero_emissions_dbt.not_null_stg_flights_aircraft_icao24.fb74bde3c4"
[0m16:30:21.949771 [debug] [Thread-3 (]: Writing runtime sql for node "test.aero_emissions_dbt.not_null_fct_flights_emissions_aircraft_icao24.1bef9fe2f6"
[0m16:30:21.964491 [debug] [Thread-1 (]: Writing runtime sql for node "test.aero_emissions_dbt.accepted_values_fct_flights_emissions_flight_phase__Climbing__Cruising__Descending__On_Ground.7e645bda1b"
[0m16:30:21.965367 [debug] [Thread-2 (]: On test.aero_emissions_dbt.not_null_dim_aircraft_types_aircraft_category.739940d58c: BEGIN
[0m16:30:21.967248 [debug] [Thread-4 (]: Using duckdb connection "test.aero_emissions_dbt.not_null_stg_flights_aircraft_icao24.fb74bde3c4"
[0m16:30:21.969113 [debug] [Thread-3 (]: Using duckdb connection "test.aero_emissions_dbt.not_null_fct_flights_emissions_aircraft_icao24.1bef9fe2f6"
[0m16:30:21.970306 [debug] [Thread-2 (]: Opening a new connection, currently in state init
[0m16:30:21.971371 [debug] [Thread-4 (]: On test.aero_emissions_dbt.not_null_stg_flights_aircraft_icao24.fb74bde3c4: BEGIN
[0m16:30:21.973513 [debug] [Thread-4 (]: Opening a new connection, currently in state init
[0m16:30:21.972183 [debug] [Thread-3 (]: On test.aero_emissions_dbt.not_null_fct_flights_emissions_aircraft_icao24.1bef9fe2f6: BEGIN
[0m16:30:21.974842 [debug] [Thread-4 (]: SQL status: OK in 0.001 seconds
[0m16:30:21.976740 [debug] [Thread-4 (]: Using duckdb connection "test.aero_emissions_dbt.not_null_stg_flights_aircraft_icao24.fb74bde3c4"
[0m16:30:21.977292 [debug] [Thread-4 (]: On test.aero_emissions_dbt.not_null_stg_flights_aircraft_icao24.fb74bde3c4: /* {"app": "dbt", "dbt_version": "1.11.11", "profile_name": "aero_emissions_profile", "target_name": "dev", "node_id": "test.aero_emissions_dbt.not_null_stg_flights_aircraft_icao24.fb74bde3c4"} */

    
    select
      count(*) as failures,
      count(*) != 0 as should_warn,
      count(*) != 0 as should_error
    from (
      
    
  
    
    



select aircraft_icao24
from "lakehouse"."main"."stg_flights"
where aircraft_icao24 is null



  
  
      
    ) dbt_internal_test
[0m16:30:21.978846 [debug] [Thread-2 (]: SQL status: OK in 0.009 seconds
[0m16:30:21.979201 [debug] [Thread-2 (]: Using duckdb connection "test.aero_emissions_dbt.not_null_dim_aircraft_types_aircraft_category.739940d58c"
[0m16:30:21.979537 [debug] [Thread-2 (]: On test.aero_emissions_dbt.not_null_dim_aircraft_types_aircraft_category.739940d58c: /* {"app": "dbt", "dbt_version": "1.11.11", "profile_name": "aero_emissions_profile", "target_name": "dev", "node_id": "test.aero_emissions_dbt.not_null_dim_aircraft_types_aircraft_category.739940d58c"} */

    
    select
      count(*) as failures,
      count(*) != 0 as should_warn,
      count(*) != 0 as should_error
    from (
      
    
  
    
    



select aircraft_category
from "lakehouse"."main"."dim_aircraft_types"
where aircraft_category is null



  
  
      
    ) dbt_internal_test
[0m16:30:21.975828 [debug] [Thread-3 (]: Opening a new connection, currently in state init
[0m16:30:21.981751 [debug] [Thread-3 (]: SQL status: OK in 0.006 seconds
[0m16:30:21.982329 [debug] [Thread-3 (]: Using duckdb connection "test.aero_emissions_dbt.not_null_fct_flights_emissions_aircraft_icao24.1bef9fe2f6"
[0m16:30:21.982887 [debug] [Thread-3 (]: On test.aero_emissions_dbt.not_null_fct_flights_emissions_aircraft_icao24.1bef9fe2f6: /* {"app": "dbt", "dbt_version": "1.11.11", "profile_name": "aero_emissions_profile", "target_name": "dev", "node_id": "test.aero_emissions_dbt.not_null_fct_flights_emissions_aircraft_icao24.1bef9fe2f6"} */

    
    select
      count(*) as failures,
      count(*) != 0 as should_warn,
      count(*) != 0 as should_error
    from (
      
    
  
    
    



select aircraft_icao24
from "lakehouse"."main"."fct_flights_emissions"
where aircraft_icao24 is null



  
  
      
    ) dbt_internal_test
[0m16:30:21.984918 [debug] [Thread-1 (]: Using duckdb connection "test.aero_emissions_dbt.accepted_values_fct_flights_emissions_flight_phase__Climbing__Cruising__Descending__On_Ground.7e645bda1b"
[0m16:30:21.985658 [debug] [Thread-1 (]: On test.aero_emissions_dbt.accepted_values_fct_flights_emissions_flight_phase__Climbing__Cruising__Descending__On_Ground.7e645bda1b: BEGIN
[0m16:30:21.986200 [debug] [Thread-1 (]: Opening a new connection, currently in state closed
[0m16:30:21.987412 [debug] [Thread-2 (]: SQL status: OK in 0.007 seconds
[0m16:30:21.996577 [debug] [Thread-2 (]: On test.aero_emissions_dbt.not_null_dim_aircraft_types_aircraft_category.739940d58c: ROLLBACK
[0m16:30:21.997430 [debug] [Thread-1 (]: SQL status: OK in 0.011 seconds
[0m16:30:21.998260 [debug] [Thread-3 (]: SQL status: OK in 0.015 seconds
[0m16:30:21.998867 [debug] [Thread-4 (]: SQL status: OK in 0.021 seconds
[0m16:30:22.000049 [debug] [Thread-2 (]: Failed to rollback 'test.aero_emissions_dbt.not_null_dim_aircraft_types_aircraft_category.739940d58c'
[0m16:30:22.006868 [debug] [Thread-2 (]: On test.aero_emissions_dbt.not_null_dim_aircraft_types_aircraft_category.739940d58c: Close
[0m16:30:22.001176 [debug] [Thread-1 (]: Using duckdb connection "test.aero_emissions_dbt.accepted_values_fct_flights_emissions_flight_phase__Climbing__Cruising__Descending__On_Ground.7e645bda1b"
[0m16:30:22.005810 [debug] [Thread-3 (]: On test.aero_emissions_dbt.not_null_fct_flights_emissions_aircraft_icao24.1bef9fe2f6: ROLLBACK
[0m16:30:22.008886 [info ] [Thread-2 (]: 2 of 6 PASS not_null_dim_aircraft_types_aircraft_category ...................... [[32mPASS[0m in 0.33s]
[0m16:30:22.010203 [debug] [Thread-1 (]: On test.aero_emissions_dbt.accepted_values_fct_flights_emissions_flight_phase__Climbing__Cruising__Descending__On_Ground.7e645bda1b: /* {"app": "dbt", "dbt_version": "1.11.11", "profile_name": "aero_emissions_profile", "target_name": "dev", "node_id": "test.aero_emissions_dbt.accepted_values_fct_flights_emissions_flight_phase__Climbing__Cruising__Descending__On_Ground.7e645bda1b"} */

    
    select
      count(*) as failures,
      count(*) != 0 as should_warn,
      count(*) != 0 as should_error
    from (
      
    
  
    
    

with all_values as (

    select
        flight_phase as value_field,
        count(*) as n_records

    from "lakehouse"."main"."fct_flights_emissions"
    group by flight_phase

)

select *
from all_values
where value_field not in (
    'Climbing','Cruising','Descending','On Ground'
)



  
  
      
    ) dbt_internal_test
[0m16:30:22.013881 [debug] [Thread-4 (]: On test.aero_emissions_dbt.not_null_stg_flights_aircraft_icao24.fb74bde3c4: ROLLBACK
[0m16:30:22.015527 [debug] [Thread-3 (]: Failed to rollback 'test.aero_emissions_dbt.not_null_fct_flights_emissions_aircraft_icao24.1bef9fe2f6'
[0m16:30:22.020990 [debug] [Thread-3 (]: On test.aero_emissions_dbt.not_null_fct_flights_emissions_aircraft_icao24.1bef9fe2f6: Close
[0m16:30:22.016755 [debug] [Thread-2 (]: Finished running node test.aero_emissions_dbt.not_null_dim_aircraft_types_aircraft_category.739940d58c
[0m16:30:22.023763 [debug] [Thread-2 (]: Began running node test.aero_emissions_dbt.not_null_stg_flights_co2_emissions_kg_s.4ff8821d34
[0m16:30:22.024119 [info ] [Thread-2 (]: 5 of 6 START test not_null_stg_flights_co2_emissions_kg_s ...................... [RUN]
[0m16:30:22.024617 [debug] [Thread-2 (]: Re-using an available connection from the pool (formerly test.aero_emissions_dbt.not_null_dim_aircraft_types_aircraft_category.739940d58c, now test.aero_emissions_dbt.not_null_stg_flights_co2_emissions_kg_s.4ff8821d34)
[0m16:30:22.024977 [debug] [Thread-2 (]: Began compiling node test.aero_emissions_dbt.not_null_stg_flights_co2_emissions_kg_s.4ff8821d34
[0m16:30:22.022497 [info ] [Thread-3 (]: 3 of 6 PASS not_null_fct_flights_emissions_aircraft_icao24 ..................... [[32mPASS[0m in 0.33s]
[0m16:30:22.031752 [debug] [Thread-3 (]: Finished running node test.aero_emissions_dbt.not_null_fct_flights_emissions_aircraft_icao24.1bef9fe2f6
[0m16:30:22.032226 [debug] [Thread-3 (]: Began running node test.aero_emissions_dbt.unique_dim_aircraft_types_aircraft_category.ee06435f8d
[0m16:30:22.032584 [info ] [Thread-3 (]: 6 of 6 START test unique_dim_aircraft_types_aircraft_category .................. [RUN]
[0m16:30:22.033014 [debug] [Thread-3 (]: Re-using an available connection from the pool (formerly test.aero_emissions_dbt.not_null_fct_flights_emissions_aircraft_icao24.1bef9fe2f6, now test.aero_emissions_dbt.unique_dim_aircraft_types_aircraft_category.ee06435f8d)
[0m16:30:22.033303 [debug] [Thread-3 (]: Began compiling node test.aero_emissions_dbt.unique_dim_aircraft_types_aircraft_category.ee06435f8d
[0m16:30:22.023240 [debug] [Thread-1 (]: SQL status: OK in 0.006 seconds
[0m16:30:22.045733 [debug] [Thread-1 (]: On test.aero_emissions_dbt.accepted_values_fct_flights_emissions_flight_phase__Climbing__Cruising__Descending__On_Ground.7e645bda1b: ROLLBACK
[0m16:30:22.046647 [debug] [Thread-1 (]: Failed to rollback 'test.aero_emissions_dbt.accepted_values_fct_flights_emissions_flight_phase__Climbing__Cruising__Descending__On_Ground.7e645bda1b'
[0m16:30:22.047035 [debug] [Thread-1 (]: On test.aero_emissions_dbt.accepted_values_fct_flights_emissions_flight_phase__Climbing__Cruising__Descending__On_Ground.7e645bda1b: Close
[0m16:30:22.047800 [info ] [Thread-1 (]: 1 of 6 PASS accepted_values_fct_flights_emissions_flight_phase__Climbing__Cruising__Descending__On_Ground  [[32mPASS[0m in 0.39s]
[0m16:30:22.048331 [debug] [Thread-1 (]: Finished running node test.aero_emissions_dbt.accepted_values_fct_flights_emissions_flight_phase__Climbing__Cruising__Descending__On_Ground.7e645bda1b
[0m16:30:22.030690 [debug] [Thread-2 (]: Writing injected SQL for node "test.aero_emissions_dbt.not_null_stg_flights_co2_emissions_kg_s.4ff8821d34"
[0m16:30:22.049176 [debug] [Thread-2 (]: Began executing node test.aero_emissions_dbt.not_null_stg_flights_co2_emissions_kg_s.4ff8821d34
[0m16:30:22.042126 [debug] [Thread-3 (]: Writing injected SQL for node "test.aero_emissions_dbt.unique_dim_aircraft_types_aircraft_category.ee06435f8d"
[0m16:30:22.053015 [debug] [Thread-3 (]: Began executing node test.aero_emissions_dbt.unique_dim_aircraft_types_aircraft_category.ee06435f8d
[0m16:30:22.056328 [debug] [Thread-3 (]: Writing runtime sql for node "test.aero_emissions_dbt.unique_dim_aircraft_types_aircraft_category.ee06435f8d"
[0m16:30:22.057167 [debug] [Thread-3 (]: Using duckdb connection "test.aero_emissions_dbt.unique_dim_aircraft_types_aircraft_category.ee06435f8d"
[0m16:30:22.019944 [debug] [Thread-4 (]: Failed to rollback 'test.aero_emissions_dbt.not_null_stg_flights_aircraft_icao24.fb74bde3c4'
[0m16:30:22.058069 [debug] [Thread-4 (]: On test.aero_emissions_dbt.not_null_stg_flights_aircraft_icao24.fb74bde3c4: Close
[0m16:30:22.052053 [debug] [Thread-2 (]: Writing runtime sql for node "test.aero_emissions_dbt.not_null_stg_flights_co2_emissions_kg_s.4ff8821d34"
[0m16:30:22.060019 [debug] [Thread-2 (]: Using duckdb connection "test.aero_emissions_dbt.not_null_stg_flights_co2_emissions_kg_s.4ff8821d34"
[0m16:30:22.060565 [debug] [Thread-2 (]: On test.aero_emissions_dbt.not_null_stg_flights_co2_emissions_kg_s.4ff8821d34: BEGIN
[0m16:30:22.061024 [debug] [Thread-2 (]: Opening a new connection, currently in state closed
[0m16:30:22.062291 [debug] [Thread-2 (]: SQL status: OK in 0.001 seconds
[0m16:30:22.062941 [debug] [Thread-2 (]: Using duckdb connection "test.aero_emissions_dbt.not_null_stg_flights_co2_emissions_kg_s.4ff8821d34"
[0m16:30:22.063251 [debug] [Thread-2 (]: On test.aero_emissions_dbt.not_null_stg_flights_co2_emissions_kg_s.4ff8821d34: /* {"app": "dbt", "dbt_version": "1.11.11", "profile_name": "aero_emissions_profile", "target_name": "dev", "node_id": "test.aero_emissions_dbt.not_null_stg_flights_co2_emissions_kg_s.4ff8821d34"} */

    
    select
      count(*) as failures,
      count(*) != 0 as should_warn,
      count(*) != 0 as should_error
    from (
      
    
  
    
    



select co2_emissions_kg_s
from "lakehouse"."main"."stg_flights"
where co2_emissions_kg_s is null



  
  
      
    ) dbt_internal_test
[0m16:30:22.057693 [debug] [Thread-3 (]: On test.aero_emissions_dbt.unique_dim_aircraft_types_aircraft_category.ee06435f8d: BEGIN
[0m16:30:22.064278 [debug] [Thread-3 (]: Opening a new connection, currently in state closed
[0m16:30:22.065386 [debug] [Thread-3 (]: SQL status: OK in 0.001 seconds
[0m16:30:22.065795 [debug] [Thread-3 (]: Using duckdb connection "test.aero_emissions_dbt.unique_dim_aircraft_types_aircraft_category.ee06435f8d"
[0m16:30:22.066088 [debug] [Thread-3 (]: On test.aero_emissions_dbt.unique_dim_aircraft_types_aircraft_category.ee06435f8d: /* {"app": "dbt", "dbt_version": "1.11.11", "profile_name": "aero_emissions_profile", "target_name": "dev", "node_id": "test.aero_emissions_dbt.unique_dim_aircraft_types_aircraft_category.ee06435f8d"} */

    
    select
      count(*) as failures,
      count(*) != 0 as should_warn,
      count(*) != 0 as should_error
    from (
      
    
  
    
    

select
    aircraft_category as unique_field,
    count(*) as n_records

from "lakehouse"."main"."dim_aircraft_types"
where aircraft_category is not null
group by aircraft_category
having count(*) > 1



  
  
      
    ) dbt_internal_test
[0m16:30:22.059108 [info ] [Thread-4 (]: 4 of 6 PASS not_null_stg_flights_aircraft_icao24 ............................... [[32mPASS[0m in 0.36s]
[0m16:30:22.068604 [debug] [Thread-4 (]: Finished running node test.aero_emissions_dbt.not_null_stg_flights_aircraft_icao24.fb74bde3c4
[0m16:30:22.071713 [debug] [Thread-3 (]: SQL status: OK in 0.005 seconds
[0m16:30:22.074327 [debug] [Thread-3 (]: On test.aero_emissions_dbt.unique_dim_aircraft_types_aircraft_category.ee06435f8d: ROLLBACK
[0m16:30:22.075197 [debug] [Thread-3 (]: Failed to rollback 'test.aero_emissions_dbt.unique_dim_aircraft_types_aircraft_category.ee06435f8d'
[0m16:30:22.075663 [debug] [Thread-3 (]: On test.aero_emissions_dbt.unique_dim_aircraft_types_aircraft_category.ee06435f8d: Close
[0m16:30:22.076561 [info ] [Thread-3 (]: 6 of 6 PASS unique_dim_aircraft_types_aircraft_category ........................ [[32mPASS[0m in 0.04s]
[0m16:30:22.077241 [debug] [Thread-3 (]: Finished running node test.aero_emissions_dbt.unique_dim_aircraft_types_aircraft_category.ee06435f8d
[0m16:30:22.077796 [debug] [Thread-2 (]: SQL status: OK in 0.014 seconds
[0m16:30:22.081204 [debug] [Thread-2 (]: On test.aero_emissions_dbt.not_null_stg_flights_co2_emissions_kg_s.4ff8821d34: ROLLBACK
[0m16:30:22.082252 [debug] [Thread-2 (]: Failed to rollback 'test.aero_emissions_dbt.not_null_stg_flights_co2_emissions_kg_s.4ff8821d34'
[0m16:30:22.082891 [debug] [Thread-2 (]: On test.aero_emissions_dbt.not_null_stg_flights_co2_emissions_kg_s.4ff8821d34: Close
[0m16:30:22.083824 [info ] [Thread-2 (]: 5 of 6 PASS not_null_stg_flights_co2_emissions_kg_s ............................ [[32mPASS[0m in 0.06s]
[0m16:30:22.084393 [debug] [Thread-2 (]: Finished running node test.aero_emissions_dbt.not_null_stg_flights_co2_emissions_kg_s.4ff8821d34
[0m16:30:22.090662 [debug] [MainThread]: Using duckdb connection "master"
[0m16:30:22.091510 [debug] [MainThread]: On master: BEGIN
[0m16:30:22.092404 [debug] [MainThread]: Opening a new connection, currently in state closed
[0m16:30:22.094661 [debug] [MainThread]: SQL status: OK in 0.002 seconds
[0m16:30:22.095148 [debug] [MainThread]: On master: COMMIT
[0m16:30:22.095582 [debug] [MainThread]: Using duckdb connection "master"
[0m16:30:22.095930 [debug] [MainThread]: On master: COMMIT
[0m16:30:22.096911 [debug] [MainThread]: SQL status: OK in 0.001 seconds
[0m16:30:22.097289 [debug] [MainThread]: On master: Close
[0m16:30:22.097961 [debug] [MainThread]: Connection 'master' was properly closed.
[0m16:30:22.098302 [debug] [MainThread]: Connection 'test.aero_emissions_dbt.accepted_values_fct_flights_emissions_flight_phase__Climbing__Cruising__Descending__On_Ground.7e645bda1b' was properly closed.
[0m16:30:22.098644 [debug] [MainThread]: Connection 'test.aero_emissions_dbt.not_null_stg_flights_co2_emissions_kg_s.4ff8821d34' was properly closed.
[0m16:30:22.098993 [debug] [MainThread]: Connection 'test.aero_emissions_dbt.unique_dim_aircraft_types_aircraft_category.ee06435f8d' was properly closed.
[0m16:30:22.099342 [debug] [MainThread]: Connection 'test.aero_emissions_dbt.not_null_stg_flights_aircraft_icao24.fb74bde3c4' was properly closed.
[0m16:30:22.100379 [info ] [MainThread]: 
[0m16:30:22.100929 [info ] [MainThread]: Finished running 6 data tests in 0 hours 0 minutes and 0.54 seconds (0.54s).
[0m16:30:22.103477 [debug] [MainThread]: Command end result
[0m16:30:22.155865 [debug] [MainThread]: Wrote artifact WritableManifest to /home/user/dbt_project/target/manifest.json
[0m16:30:22.162434 [debug] [MainThread]: Wrote artifact SemanticManifest to /home/user/dbt_project/target/semantic_manifest.json
[0m16:30:22.180374 [debug] [MainThread]: Wrote artifact RunExecutionResult to /home/user/dbt_project/target/run_results.json
[0m16:30:22.181254 [info ] [MainThread]: 
[0m16:30:22.182210 [info ] [MainThread]: [32mCompleted successfully[0m
[0m16:30:22.183234 [info ] [MainThread]: 
[0m16:30:22.184038 [info ] [MainThread]: Done. PASS=6 WARN=0 ERROR=0 SKIP=0 NO-OP=0 TOTAL=6
[0m16:30:22.186626 [debug] [MainThread]: Resource report: {"command_name": "test", "command_success": true, "command_wall_clock_time": 1.6793852, "process_in_blocks": "24", "process_kernel_time": 0.188739, "process_mem_max_rss": "186264", "process_out_blocks": "2408", "process_user_time": 4.609858}
[0m16:30:22.187541 [debug] [MainThread]: Command `dbt test` succeeded at 16:30:22.187183 after 1.68 seconds
[0m16:30:22.188411 [debug] [MainThread]: Sending event: {'category': 'dbt', 'action': 'invocation', 'label': 'end', 'context': [<snowplow_tracker.self_describing_json.SelfDescribingJson object at 0x7fa20da2c590>, <snowplow_tracker.self_describing_json.SelfDescribingJson object at 0x7fa2084e47e0>, <snowplow_tracker.self_describing_json.SelfDescribingJson object at 0x7fa2084e4940>]}
[0m16:30:22.188895 [debug] [MainThread]: Flushing usage events
[0m16:30:22.550842 [debug] [MainThread]: An error was encountered while trying to flush usage events
